                            对家 bob
                   [][][][][][][][][][][][][]



下家 alice                       上家 carl
[][][][][][][][][][][][][]       [][][][][][][][][][][][][]





                  已自动准备,等待其他玩家就位


      +--++--++--++--++--++--++--++--++--++--++--++--++--+
      |m1||m2||m3||m5||m5||p5||p6||p7||s1||s2||s3||s5||s9|
      |  ||  ||  ||  ||  ||  ||  ||  ||  ||  ||  ||  ||  |
      +--++--++--++--++--++--++--++--++--++--++--++--++--+
             i 房间信息    Tab 查看玩家    Esc 菜单
