 --  川麻血战  庄 carl  等待 racoo
                                    对家 bob
                           ▢ ▢ ▢ ▢ ▢ ▢ ▢ ▢ ▢ ▢ ▢ ▢ ▢



下家 alice                              上家 carl
▢ ▢ ▢ ▢ ▢ ▢ ▢ ▢ ▢ ▢ ▢ ▢ ▢               ▢ ▢ ▢ ▢ ▢ ▢ ▢ ▢ ▢ ▢ ▢ ▢ ▢




                           ┌─ 牌桌信息 ─────────────┐
                           │ ◆ 该 你 出牌 ◆         │
                           │ 动作: --               │
                           └────────────────────────┘



              ┌──┐┌──┐┌──┐┌──┐┌──┐┌──┐┌──┐┌──┐┌──┐┌──┐┌──┐┌──┐┌──┐
              │一││二││三││五││五││五││六││七││一││二││三││五││九│
              │万││万││万││万││万││筒││筒││筒││条││条││条││条││条│
              └──┘└──┘└──┘└──┘└──┘└──┘└──┘└──┘└──┘└──┘└──┘└──┘└──┘
                ←→ 选牌    Enter 出牌    i 房间信息    Esc 菜单
