 --  川麻血战  庄 carl  等待开局
                                                        对家 bob
                                               ▢ ▢ ▢ ▢ ▢ ▢ ▢ ▢ ▢ ▢ ▢ ▢ ▢

打: 一筒 二筒 三筒 四筒 五筒 六筒

下家 alice                                                  上家 carl
▢ ▢ ▢ ▢ ▢ ▢ ▢ ▢ ▢ ▢ ▢ ▢ ▢                                   ▢ ▢ ▢ ▢ ▢ ▢ ▢ ▢ ▢ ▢ ▢ ▢ ▢

打: 一万 二万 三万 四万 五万 六万


                                             ┌─ 牌桌信息 ─────────────────┐
                                             │ 已自动准备,等待其他玩家就… │
                                             │ 动作: --                   │
                                             └────────────────────────────┘



                                  ┌──┐┌──┐┌──┐┌──┐┌──┐┌──┐┌──┐┌──┐┌──┐┌──┐┌──┐┌──┐┌──┐
                                  │一││二││三││五││五││五││六││七││一││二││三││五││九│
                                  │万││万││万││万││万││筒││筒││筒││条││条││条││条││条│
                                  └──┘└──┘└──┘└──┘└──┘└──┘└──┘└──┘└──┘└──┘└──┘└──┘└──┘
                                         i 房间信息    Tab 查看玩家    Esc 菜单
