                            对家 bob
                   [][][][][][][][][][][][][]



下家 alice                       上家 carl
[][][][][][][][][][][][][]       [][][][][][][][][][][][][]




                          该 你 打 牌
                     打: m9 s2 p3 m1 s7 z5
                           鸣: [p5]碰

      +--++--++--++--++--++--++--++--++--++--++--++--++--+
      |m1||m2||m3||m5||m5||p5||p6||p7||s1||s2||s3||s5||s9|
      |  ||  ||  ||  ||  ||  ||  ||  ||  ||  ||  ||  ||  |
      +--++--++--++--++--++--++--++--++--++--++--++--++--+
        ←→ 选牌    Enter 出牌    i 房间信息    Esc 菜单
