 --  川麻血战  庄 carl  等待 racoo
                                    对家 bob
                           [][][][][][][][][][][][][]



下家 alice                              上家 carl
[][][][][][][][][][][][][]              [][][][][][][][][][][][][]




                           ┌─ 牌桌信息 ─────────────┐
                           │ 已选 九条,按 Enter 出… │
                           │ 动作: --               │
                           └────────────────────────┘


                                                              +--+
              +--++--++--++--++--++--++--++--++--++--++--++--+|s9|
              |m1||m2||m3||m5||m5||p5||p6||p7||s1||s2||s3||s5||  |
              |  ||  ||  ||  ||  ||  ||  ||  ||  ||  ||  ||  |+--+
              +--++--++--++--++--++--++--++--++--++--++--++--+
                ←→ 选牌    Enter 出牌    Esc 取消    i 房间信息
